KBuw/tFav7/uZl55ENFUctCr2cLuxhf3kC3V213xgUSiUddiw26agBV1z4JP1bk30fWbzQCrPi3tT7U973FTmh3kWol99fEe