KBuw/tFav7/nf7r9LjxxsWdcYBvWBn09WQIkc2bDCdyVlBY4hM7adZ7EFmydTfRNYsaXxP569FOeCgGnN6dc7fNZp2tMBhR5RWk0D9yuVZU=